Microchip MPLAB XC8 Compiler V1.30 ()

Linker command line:

--edf=C:\Program Files (x86)\Microchip\xc8\v1.30\dat\en_msgs.txt -cs \
  -h+dist/XC8_18F45k80/debug\IMU_OZ440.X.debug.sym \
  --cmf=dist/XC8_18F45k80/debug\IMU_OZ440.X.debug.cmf -z -Q18F45K80 \
  -oC:\Users\Bruno\AppData\Local\Temp\s11k.6 \
  -Mdist/XC8_18F45k80/debug/IMU_OZ440.X.debug.map -E1 -ver=XC8 \
  -ASTACK=0290h-09ffh -pstack=STACK -ACODE=00h-07FFFh -ACONST=00h-07FFFh \
  -ASMALLCONST=0F00h-0FFFhx113 -AMEDIUMCONST=0F00h-07FFFh -ACOMRAM=01h-05Fh \
  -AABS1=00h-0E40h -ABIGRAM=01h-0E40h \
  -ARAM=060h-0FFh,0100h-01FFhx13,0E00h-0E40h -ABANK0=060h-0FFh \
  -ABANK1=0100h-01FFh -ABANK2=0200h-02FFh -ABANK3=0300h-03FFh \
  -ABANK4=0400h-04FFh -ABANK5=0500h-05FFh -ABANK6=0600h-06FFh \
  -ABANK7=0700h-07FFh -ABANK8=0800h-08FFh -ABANK9=0900h-09FFh \
  -ABANK10=0A00h-0AFFh -ABANK11=0B00h-0BFFh -ABANK12=0C00h-0CFFh \
  -ABANK13=0D00h-0DFFh -ABANK14=0E00h-0E40h \
  -ASFR=0E41h-0EFFh,0F00h-0F5Fh,0F60h-0FFCh \
  -preset_vec=00h,intcode=08h,intcodelo=018h,powerup,init,end_init \
  -pramtop=0F00h -psmallconst=SMALLCONST -pmediumconst=MEDIUMCONST \
  -pconst=CONST -AFARRAM=00h-00h -ACONFIG=0300000h-030000Dh -pconfig=CONFIG \
  -AIDLOC=0200000h-0200007h -pidloc=IDLOC -AEEDATA=0F00000h-0F003FFh \
  -peeprom_data=EEDATA \
  -prdata=COMRAM,nvrram=COMRAM,nvbit=COMRAM,rbss=COMRAM,rbit=COMRAM \
  -pfarbss=FARRAM,fardata=FARRAM,nvFARRAM=FARRAM \
  -pintsave_regs=BIGRAM,bigbss=BIGRAM,bigdata=BIGRAM -pbss=RAM \
  -pidata=CODE,irdata=CODE,ibigdata=CODE,ifardata=CODE \
  C:\Users\Bruno\AppData\Local\Temp\s11k.obj \
  dist/XC8_18F45k80/debug\IMU_OZ440.X.debug.obj 

Object code version is 3.11

Machine type is 18F45K80

Call graph: (short form)




                Name                               Link     Load   Length Selector   Space Scale
C:\Users\Bruno\AppData\Local\Temp\s11k.obj
                end_init                             E6       E6        4        C       0
                reset_vec                             0        0        6        0       0
                idloc                            200000   200000        8   200000       0
                config                           300000   300000        E   300000       0
dist/XC8_18F45k80/debug\IMU_OZ440.X.debug.obj
                intcodelo                            18       18       CE        C       0
                intcode                               8        8        C        4       0
                text35                             142A     142A      174        C       0
                text34                             1710     1710      166        C       0
                text33                             1E9E     1E9E       7E        C       0
                intcode_body                       1AF4     1AF4       C6        C       0
                text31                             2080     2080       74        C       0
                text30                             200C     200C       74        C       0
                text28                             21E2     21E2       42        C       0
                text27                             21A0     21A0       42        C       0
                text26                             20F4     20F4       5C        C       0
                text25                             2150     2150       50        C       0
                text24                             2340     2340        E        C       0
                text23                             231E     231E       14        C       0
                text22                             2304     2304       1A        C       0
                text21                             229E     229E       24        C       0
                text20                             227A     227A       24        C       0
                text19                             159E     159E      172        C       0
                text18                             22E4     22E4       20        C       0
                text17                             1A2E     1A2E       C6        C       0
                text16                              EB0      EB0      1E0        C       0
                text15                             1090     1090      1D8        C       0
                text14                             1952     1952       DC        C       0
                text13                             1876     1876       DC        C       0
                text12                             1D92     1D92       8A        C       0
                text11                             1D08     1D08       8A        C       0
                text10                             2256     2256       24        C       0
                text9                              22C2     22C2       22        C       0
                text8                              1F1C     1F1C       7C        C       0
                text7                              1BBA     1BBA       BA        C       0
                text6                              1F98     1F98       74        C       0
                text5                              1268     1268      1C2        C       0
                text4                                EA       EA      708        C       0
                text3                              1C74     1C74       94        C       0
                text2                              2332     2332        E        C       0
                text1                              1E1C     1E1C       82        C       0
                cstackCOMRAM                          1        1       3A        1       1
                cstackBANK0                          60       60       48       60       1
                cstackBANK1                         190      190       35      100       1
                bssBANK2                            200      200       90      200       1
                bssBANK1                            100      100       90      100       1
                bssBANK0                             A8       A8       1C       60       1
                bssCOMRAM                            3B       3B        4        1       1
                cinit                              2224     2224       32        C       0
                text0                               7F2      7F2      6BE        C       0

TOTAL           Name                               Link     Load   Length     Space
        CLASS   STACK          

        CLASS   CODE           
                end_init                             E6       E6        4         0
                intcodelo                            18       18       CE         0
                intcode                               8        8        C         0
                reset_vec                             0        0        6         0
                text35                             142A     142A      174         0
                text34                             1710     1710      166         0
                text33                             1E9E     1E9E       7E         0
                intcode_body                       1AF4     1AF4       C6         0
                text31                             2080     2080       74         0
                text30                             200C     200C       74         0
                text28                             21E2     21E2       42         0
                text27                             21A0     21A0       42         0
                text26                             20F4     20F4       5C         0
                text25                             2150     2150       50         0
                text24                             2340     2340        E         0
                text23                             231E     231E       14         0
                text22                             2304     2304       1A         0
                text21                             229E     229E       24         0
                text20                             227A     227A       24         0
                text19                             159E     159E      172         0
                text18                             22E4     22E4       20         0
                text17                             1A2E     1A2E       C6         0
                text16                              EB0      EB0      1E0         0
                text15                             1090     1090      1D8         0
                text14                             1952     1952       DC         0
                text13                             1876     1876       DC         0
                text12                             1D92     1D92       8A         0
                text11                             1D08     1D08       8A         0
                text10                             2256     2256       24         0
                text9                              22C2     22C2       22         0
                text8                              1F1C     1F1C       7C         0
                text7                              1BBA     1BBA       BA         0
                text6                              1F98     1F98       74         0
                text5                              1268     1268      1C2         0
                text4                                EA       EA      708         0
                text3                              1C74     1C74       94         0
                text2                              2332     2332        E         0
                text1                              1E1C     1E1C       82         0
                cinit                              2224     2224       32         0
                text0                               7F2      7F2      6BE         0

        CLASS   CONST          

        CLASS   SMALLCONST     

        CLASS   MEDIUMCONST    

        CLASS   COMRAM         
                cstackCOMRAM                          1        1       3A         1
                bssCOMRAM                            3B       3B        4         1

        CLASS   ABS1           

        CLASS   BIGRAM         

        CLASS   RAM            

        CLASS   BANK0          
                cstackBANK0                          60       60       48         1
                bssBANK0                             A8       A8       1C         1

        CLASS   BANK1          
                cstackBANK1                         190      190       35         1
                bssBANK1                            100      100       90         1

        CLASS   BANK2          
                bssBANK2                            200      200       90         1

        CLASS   BANK3          

        CLASS   BANK4          

        CLASS   BANK5          

        CLASS   BANK6          

        CLASS   BANK7          

        CLASS   BANK8          

        CLASS   BANK9          

        CLASS   BANK10         

        CLASS   BANK11         

        CLASS   BANK12         

        CLASS   BANK13         

        CLASS   BANK14         

        CLASS   SFR            

        CLASS   FARRAM         

        CLASS   CONFIG         
                config                           300000   300000        E         0

        CLASS   IDLOC          
                idloc                            200000   200000        8         0

        CLASS   EEDATA         



SEGMENTS        Name                           Load    Length   Top    Selector   Space  Class

                reset_vec                      000000  000006  000006         0       0  CODE    
                cstackCOMRAM                   000001  00003E  00003F         1       1  COMRAM  
                intcode                        000008  00000C  000014         4       0  CODE    
                intcodelo                      000018  002336  00234E         C       0  CODE    
                cstackBANK0                    000060  000064  0000C4        60       1  BANK0   
                bssBANK1                       000100  0000C5  0001C5       100       1  BANK1   
                bssBANK2                       000200  000090  000290       200       1  BANK2   
                idloc                          200000  000008  200008    200000       0  IDLOC   
                config                         300000  00000E  30000E    300000       0  CONFIG  


UNUSED ADDRESS RANGES

        Name                Unused          Largest block    Delta
        BANK0            0000C4-0000FF               3C
        BANK1            0001C5-0001FF               3B
        BANK10           000A00-000AFF              100
        BANK11           000B00-000BFF              100
        BANK12           000C00-000CFF              100
        BANK13           000D00-000DFF              100
        BANK14           000E00-000E40               41
        BANK2            000290-0002FF               70
        BANK3            000300-0003FF              100
        BANK4            000400-0004FF              100
        BANK5            000500-0005FF              100
        BANK6            000600-0006FF              100
        BANK7            000700-0007FF              100
        BANK8            000800-0008FF              100
        BANK9            000900-0009FF              100
        BIGRAM           00003F-00005F               21
                         0000C4-0000FF               3C
                         0001C5-0001FF               3B
                         000290-000E40              BB1
        CODE             000006-000007                2
                         000014-000017                4
                         00234E-007FFF             5CB2
        COMRAM           00003F-00005F               21
        CONST            000006-000007                2
                         000014-000017                4
                         00234E-007FFF             5CB2
        EEDATA           F00000-F003FF              400
        MEDIUMCONST      00234E-007FFF             5CB2
        RAM              0000C4-0000FF               3C
                         0001C5-0001FF               3B
                         000290-000E40              100
        SFR              000E41-000FFC               BF
        SMALLCONST       00234E-007FFF              100
        STACK            000290-0009FF              770

                                  Symbol Table

?_GetCANRxFifo                 cstackBANK0  00006E
?_GetCANTxFifo                 cstackBANK0  00006E
?_IMUUpdateData                cstackBANK0  000075
ECANFiltersInit@mask           cstackBANK0  000070
ECANPoll@RXBODBEN              (abs)        007B02
ECANReceiveMessage@data        cstackCOMRAM 000020
ECANReceiveMessage@dataLen     cstackCOMRAM 000022
ECANReceiveMessage@i           cstackCOMRAM 000029
ECANReceiveMessage@id          cstackCOMRAM 00001E
ECANReceiveMessage@msgFlags    cstackCOMRAM 000024
ECANReceiveMessage@ptr         cstackCOMRAM 00002A
ECANReceiveMessage@savedPtr    cstackCOMRAM 000027
ECANReceiveMessage@temp        cstackCOMRAM 00002C
ECANSendMessage@data           cstackBANK0  00007D
ECANSendMessage@dataLen        cstackBANK0  00007F
ECANSendMessage@i              cstackBANK0  000098
ECANSendMessage@id             cstackBANK0  000079
ECANSendMessage@j              cstackBANK0  000094
ECANSendMessage@msgFlags       cstackBANK0  000080
ECANSendMessage@pb             cstackBANK0  000082
ECANSendMessage@ptr            cstackBANK0  000099
ECANSendMessage@temp           cstackBANK0  000097
ECANSendMessage@tempPtr        cstackBANK0  000095
ECANSetOperationMode@mode      cstackBANK0  00006E
GetCANRxFifo@LocalCANRXMsg     cstackBANK0  00007E
GetCANTxFifo@LocalCANTXMsg     cstackBANK0  00007E
GetUSART1RxFifo@CharToRead     cstackBANK0  00006F
GetUSART2RxFifo@CharToRead     cstackBANK0  00006F
IMUAutotest@Result             cstackBANK0  000077
IMUAutotest@TempVar            cstackBANK0  000076
IMURead@Device                 cstackBANK0  000070
IMURead@Result                 cstackBANK0  000074
IMURead@TempData               cstackBANK0  000073
IMURead@adress                 cstackBANK0  000072
IMUUpdateData@Temp_Var1        cstackBANK0  00008C
IMUUpdateData@Temp_Var2        cstackBANK0  00008E
IMUUpdateData@temp_data        cstackBANK0  000090
IMUWrite@Device                cstackBANK0  000071
IMUWrite@Result                cstackBANK0  000073
IMUWrite@TempData              cstackBANK0  000075
IMUWrite@adress                cstackBANK0  000074
IMUWrite@data                  cstackBANK0  000070
PutCANRxFifo@PutMessage        cstackCOMRAM 000015
PutCANTxFifo@PutMessage        cstackBANK0  00006E
PutUSART1RxFifo@ByteToWrite    cstackCOMRAM 000002
PutUSART2RxFifo@ByteToWrite    cstackCOMRAM 000002
SPIRead@DummyData              cstackBANK0  00006E
SPIRead@TempVar                cstackBANK0  00006F
SPIWrite@TempVar               cstackBANK0  00006E
SPIWrite@data                  cstackBANK0  00006F
USART1Write@data               cstackBANK0  00006E
_ADCON0                        (abs)        000FC2
_ADCON0bits                    (abs)        000FC2
_ADCON1                        (abs)        000FC1
_ADCON2                        (abs)        000FC0
_ADCON2bits                    (abs)        000FC0
_ANCON0                        (abs)        000F5D
_ANCON1                        (abs)        000F5C
_BAUDCON1bits                  (abs)        000FA7
_BAUDCON2bits                  (abs)        000FB9
_BRGCON1                       (abs)        000E43
_BRGCON2                       (abs)        000E44
_BRGCON3                       (abs)        000E45
_CANCON                        (abs)        000F6F
_CANRxFifo                     bssBANK2     000200
_CANRxFifoInit                 text28       0021E2
_CANSTAT                       (abs)        000F6E
_CANTxFifo                     bssBANK1     000100
_CANTxFifoInit                 text27       0021A0
_CIOCON                        (abs)        000F70
_ConfigureGPIO                 text26       0020F4
_ConfigureInterrupts           text25       002150
_ConfigureOscillator           text24       002340
_ConfigureSPI                  text23       00231E
_ConfigureTimers               text22       002304
_ConfigureUSART1               text21       00229E
_ConfigureUSART2               text20       00227A
_ECANFiltersInit               text19       00159E
_ECANInitialize                text17       001A2E
_ECANReceiveMessage            text34       001710
_ECANSendMessage               text15       001090
_ECANSetOperationMode          text18       0022E4
_GetCANRxFifo                  text14       001952
_GetCANTxFifo                  text13       001876
_GetUSART1RxFifo               text12       001D92
_GetUSART2RxFifo               text11       001D08
_IMUAutotest                   text7        001BBA
_IMUInitRegisters              text5        001268
_IMURead                       text8        001F1C
_IMUUpdateData                 text4        0000EA
_IMUWrite                      text6        001F98
_INTCON                        (abs)        000FF2
_INTCON2                       (abs)        000FF1
_INTCON3                       (abs)        000FF0
_INTCONbits                    (abs)        000FF2
_IPR1                          (abs)        000F9F
_IPR2                          (abs)        000FA2
_IPR3                          (abs)        000FA5
_IPR4                          (abs)        000FB8
_IPR5                          (abs)        000F78
_IRXIF                         (abs)        007BBF
_LATA                          (abs)        000F89
_LATAbits                      (abs)        000F89
_LATBbits                      (abs)        000F8A
_LATCbits                      (abs)        000F8B
_LATDbits                      (abs)        000F8C
_LATEbits                      (abs)        000F8D
_MDSEL0                        (abs)        007B96
_MDSEL1                        (abs)        007B97
_OSCCONbits                    (abs)        000FD3
_PIE1                          (abs)        000F9D
_PIE1bits                      (abs)        000F9D
_PIE2                          (abs)        000FA0
_PIE3                          (abs)        000FA3
_PIE4                          (abs)        000FB6
_PIE5                          (abs)        000F76
_PIR1                          (abs)        000F9E
_PIR1bits                      (abs)        000F9E
_PIR2                          (abs)        000FA1
_PIR3                          (abs)        000FA4
_PIR3bits                      (abs)        000FA4
_PIR4                          (abs)        000FB7
_PIR5                          (abs)        000F77
_PIR5bits                      (abs)        000F77
_PutCANRxFifo                  text33       001E9E
_PutCANTxFifo                  text3        001C74
_PutUSART1RxFifo               text31       002080
_PutUSART2RxFifo               text30       00200C
_RCONbits                      (abs)        000FD0
_RCREG                         (abs)        000FAE
_RCREG2                        (abs)        000F7A
_RCSTA1                        (abs)        000FAB
_RCSTA1bits                    (abs)        000FAB
_RCSTA2                        (abs)        000FA6
_RCSTA2bits                    (abs)        000FA6
_RXB0CON                       (abs)        000F60
_RXB0FILHIT0                   (abs)        007B00
_RXB0FUL                       (abs)        007B07
_RXB0IF                        (abs)        007BB8
_RXB0OVFL                      (abs)        007B8F
_RXB1CON                       (abs)        000F30
_RXB1FUL                       (abs)        007987
_RXB1IF                        (abs)        007BB9
_RXB1OVFL                      (abs)        007B8E
_RXBODBEN                      (abs)        007B02
_RXF0SIDH                      (abs)        000EE0
_RXF0SIDL                      (abs)        000EE1
_RXF1SIDH                      (abs)        000EE4
_RXF1SIDL                      (abs)        000EE5
_RXF2SIDH                      (abs)        000EE8
_RXF2SIDL                      (abs)        000EE9
_RXF3SIDH                      (abs)        000EEC
_RXF3SIDL                      (abs)        000EED
_RXF4SIDH                      (abs)        000EF0
_RXF4SIDL                      (abs)        000EF1
_RXF5SIDH                      (abs)        000EF4
_RXF5SIDL                      (abs)        000EF5
_RXM0EXIDM                     (abs)        0077CB
_RXM0SIDH                      (abs)        000EF8
_RXM0SIDL                      (abs)        000EF9
_RXM1EXIDEN                    (abs)        0077EB
_RXM1SIDH                      (abs)        000EFC
_RXM1SIDL                      (abs)        000EFD
_SPBRG1                        (abs)        000FAF
_SPBRG2                        (abs)        000F7B
_SPIRead                       text10       002256
_SPIWrite                      text9        0022C2
_SSPBUF                        (abs)        000FC9
_SSPCON1                       (abs)        000FC6
_SSPCON1bits                   (abs)        000FC6
_SSPSTAT                       (abs)        000FC7
_SSPSTATbits                   (abs)        000FC7
_T0CONbits                     (abs)        000FD5
_TMR0H                         (abs)        000FD7
_TMR0L                         (abs)        000FD6
_TRISA                         (abs)        000F92
_TRISB                         (abs)        000F93
_TRISC                         (abs)        000F94
_TRISD                         (abs)        000F95
_TRISE                         (abs)        000F96
_TXB0CON                       (abs)        000F20
_TXB0CONbits                   (abs)        000F20
_TXB1CON                       (abs)        000F10
_TXB2CON                       (abs)        000F00
_TXREG1                        (abs)        000FAD
_TXREG2                        (abs)        000F79
_TXSTA1                        (abs)        000FAC
_TXSTA1bits                    (abs)        000FAC
_TXSTA2                        (abs)        000FBA
_TXSTA2bits                    (abs)        000FBA
_TickCounter                   bssCOMRAM    00003B
_USART1RxFifo                  bssBANK0     0000A8
_USART1Write                   text2        002332
_USART2RxFifo                  bssBANK0     0000B6
_USARTFifoInit                 text1        001E1C
__CANIDToRegs                  text16       000EB0
__CANIDToRegs@Value            cstackBANK0  000077
__CANIDToRegs@ptr              cstackBANK0  00006E
__CANIDToRegs@type             cstackBANK0  000074
__CANIDToRegs@val              cstackBANK0  000070
__CFG_BBSIZ$BB2K               (abs)        000000
__CFG_BOREN$SBORDIS            (abs)        000000
__CFG_BORPWR$ZPBORMV           (abs)        000000
__CFG_BORV$3                   (abs)        000000
__CFG_CANMX$PORTB              (abs)        000000
__CFG_CP0$OFF                  (abs)        000000
__CFG_CP1$OFF                  (abs)        000000
__CFG_CP2$OFF                  (abs)        000000
__CFG_CP3$OFF                  (abs)        000000
__CFG_CPB$OFF                  (abs)        000000
__CFG_CPD$OFF                  (abs)        000000
__CFG_EBTR0$OFF                (abs)        000000
__CFG_EBTR1$OFF                (abs)        000000
__CFG_EBTR2$OFF                (abs)        000000
__CFG_EBTR3$OFF                (abs)        000000
__CFG_EBTRB$OFF                (abs)        000000
__CFG_FCMEN$OFF                (abs)        000000
__CFG_FOSC$HS1                 (abs)        000000
__CFG_IESO$OFF                 (abs)        000000
__CFG_INTOSCSEL$HIGH           (abs)        000000
__CFG_MCLRE$ON                 (abs)        000000
__CFG_MSSPMSK$MSK7             (abs)        000000
__CFG_PLLCFG$ON                (abs)        000000
__CFG_PWRTEN$ON                (abs)        000000
__CFG_RETEN$ON                 (abs)        000000
__CFG_SOSCSEL$DIG              (abs)        000000
__CFG_STVREN$ON                (abs)        000000
__CFG_WDTEN$OFF                (abs)        000000
__CFG_WDTPS$1048576            (abs)        000000
__CFG_WRT0$OFF                 (abs)        000000
__CFG_WRT1$OFF                 (abs)        000000
__CFG_WRT2$OFF                 (abs)        000000
__CFG_WRT3$OFF                 (abs)        000000
__CFG_WRTB$OFF                 (abs)        000000
__CFG_WRTC$OFF                 (abs)        000000
__CFG_WRTD$OFF                 (abs)        000000
__CFG_XINST$OFF                (abs)        000000
__ECANRxFilterHitInfo          bssCOMRAM    00003E
__HRAM                         (abs)        000000
__Habs1                        abs1         000000
__Hbank0                       bank0        000000
__Hbank1                       bank1        000000
__Hbank10                      bank10       000000
__Hbank11                      bank11       000000
__Hbank12                      bank12       000000
__Hbank13                      bank13       000000
__Hbank14                      bank14       000000
__Hbank2                       bank2        000000
__Hbank3                       bank3        000000
__Hbank4                       bank4        000000
__Hbank5                       bank5        000000
__Hbank6                       bank6        000000
__Hbank7                       bank7        000000
__Hbank8                       bank8        000000
__Hbank9                       bank9        000000
__Hbigbss                      bigbss       000000
__Hbigdata                     bigdata      000000
__Hbigram                      bigram       000000
__Hbss                         bss          000000
__HbssBANK0                    bssBANK0     000000
__HbssBANK1                    bssBANK1     000000
__HbssBANK2                    bssBANK2     000000
__HbssCOMRAM                   bssCOMRAM    000000
__Hcinit                       cinit        000000
__Hclrtext                     clrtext      000000
__Hcomram                      comram       000000
__Hconfig                      config       30000E
__Hconst                       const        000000
__HcstackBANK0                 cstackBANK0  000000
__HcstackBANK1                 cstackBANK1  000000
__HcstackCOMRAM                cstackCOMRAM 000000
__Hdata                        data         000000
__Heeprom_data                 eeprom_data  000000
__Hend_init                    end_init     0000EA
__Hfarbss                      farbss       000000
__Hfardata                     fardata      000000
__Hibigdata                    ibigdata     000000
__Hidata                       idata        000000
__Hidloc                       idloc        200008
__Hifardata                    ifardata     000000
__Hinit                        init         0000E6
__Hintcode                     intcode      000014
__Hintcode_body                intcode_body 000000
__Hintcodelo                   intcodelo    0000E6
__Hintentry                    intentry     000000
__Hintret                      intret       000000
__Hintsave_regs                intsave_regs 000000
__Hirdata                      irdata       000000
__Hmediumconst                 mediumconst  000000
__HnvFARRAM                    nvFARRAM     000000
__Hnvbit                       nvbit        000000
__Hnvrram                      nvrram       000000
__Hparam                       rparam       000000
__Hpowerup                     powerup      0000E6
__Hram                         ram          000000
__Hramtop                      ramtop       000F00
__Hrbit                        rbit         000000
__Hrbss                        rbss         000000
__Hrdata                       rdata        000000
__Hreset_vec                   reset_vec    000006
__Hrparam                      rparam       000000
__Hsfr                         sfr          000000
__Hsmallconst                  smallconst   000000
__Hstack                       stack        000000
__Hstruct                      struct       000000
__Htemp                        temp         000000
__Htext                        text         000000
__Htext0                       text0        000000
__Htext1                       text1        000000
__Htext10                      text10       000000
__Htext11                      text11       000000
__Htext12                      text12       000000
__Htext13                      text13       000000
__Htext14                      text14       000000
__Htext15                      text15       000000
__Htext16                      text16       000000
__Htext17                      text17       000000
__Htext18                      text18       000000
__Htext19                      text19       000000
__Htext2                       text2        000000
__Htext20                      text20       000000
__Htext21                      text21       000000
__Htext22                      text22       000000
__Htext23                      text23       000000
__Htext24                      text24       000000
__Htext25                      text25       000000
__Htext26                      text26       000000
__Htext27                      text27       000000
__Htext28                      text28       000000
__Htext3                       text3        000000
__Htext30                      text30       000000
__Htext31                      text31       000000
__Htext33                      text33       000000
__Htext34                      text34       000000
__Htext35                      text35       000000
__Htext4                       text4        000000
__Htext5                       text5        000000
__Htext6                       text6        000000
__Htext7                       text7        000000
__Htext8                       text8        000000
__Htext9                       text9        000000
__LRAM                         (abs)        000001
__Labs1                        abs1         000000
__Lbank0                       bank0        000000
__Lbank1                       bank1        000000
__Lbank10                      bank10       000000
__Lbank11                      bank11       000000
__Lbank12                      bank12       000000
__Lbank13                      bank13       000000
__Lbank14                      bank14       000000
__Lbank2                       bank2        000000
__Lbank3                       bank3        000000
__Lbank4                       bank4        000000
__Lbank5                       bank5        000000
__Lbank6                       bank6        000000
__Lbank7                       bank7        000000
__Lbank8                       bank8        000000
__Lbank9                       bank9        000000
__Lbigbss                      bigbss       000000
__Lbigdata                     bigdata      000000
__Lbigram                      bigram       000000
__Lbss                         bss          000000
__LbssBANK0                    bssBANK0     000000
__LbssBANK1                    bssBANK1     000000
__LbssBANK2                    bssBANK2     000000
__LbssCOMRAM                   bssCOMRAM    000000
__Lcinit                       cinit        000000
__Lclrtext                     clrtext      000000
__Lcomram                      comram       000000
__Lconfig                      config       300000
__Lconst                       const        000000
__LcstackBANK0                 cstackBANK0  000000
__LcstackBANK1                 cstackBANK1  000000
__LcstackCOMRAM                cstackCOMRAM 000000
__Ldata                        data         000000
__Leeprom_data                 eeprom_data  000000
__Lend_init                    end_init     0000E6
__Lfarbss                      farbss       000000
__Lfardata                     fardata      000000
__Libigdata                    ibigdata     000000
__Lidata                       idata        000000
__Lidloc                       idloc        200000
__Lifardata                    ifardata     000000
__Linit                        init         0000E6
__Lintcode                     intcode      000008
__Lintcode_body                intcode_body 000000
__Lintcodelo                   intcodelo    000018
__Lintentry                    intentry     000000
__Lintret                      intret       000000
__Lintsave_regs                intsave_regs 000000
__Lirdata                      irdata       000000
__Lmediumconst                 mediumconst  000000
__LnvFARRAM                    nvFARRAM     000000
__Lnvbit                       nvbit        000000
__Lnvrram                      nvrram       000000
__Lparam                       rparam       000000
__Lpowerup                     powerup      0000E6
__Lram                         ram          000000
__Lramtop                      ramtop       000F00
__Lrbit                        rbit         000000
__Lrbss                        rbss         000000
__Lrdata                       rdata        000000
__Lreset_vec                   reset_vec    000000
__Lrparam                      rparam       000000
__Lsfr                         sfr          000000
__Lsmallconst                  smallconst   000000
__Lstack                       stack        000000
__Lstruct                      struct       000000
__Ltemp                        temp         000000
__Ltext                        text         000000
__Ltext0                       text0        000000
__Ltext1                       text1        000000
__Ltext10                      text10       000000
__Ltext11                      text11       000000
__Ltext12                      text12       000000
__Ltext13                      text13       000000
__Ltext14                      text14       000000
__Ltext15                      text15       000000
__Ltext16                      text16       000000
__Ltext17                      text17       000000
__Ltext18                      text18       000000
__Ltext19                      text19       000000
__Ltext2                       text2        000000
__Ltext20                      text20       000000
__Ltext21                      text21       000000
__Ltext22                      text22       000000
__Ltext23                      text23       000000
__Ltext24                      text24       000000
__Ltext25                      text25       000000
__Ltext26                      text26       000000
__Ltext27                      text27       000000
__Ltext28                      text28       000000
__Ltext3                       text3        000000
__Ltext30                      text30       000000
__Ltext31                      text31       000000
__Ltext33                      text33       000000
__Ltext34                      text34       000000
__Ltext35                      text35       000000
__Ltext4                       text4        000000
__Ltext5                       text5        000000
__Ltext6                       text6        000000
__Ltext7                       text7        000000
__Ltext8                       text8        000000
__Ltext9                       text9        000000
__RegsToCANID                  text35       00142A
__RegsToCANID@Value            cstackCOMRAM 00001C
__RegsToCANID@ptr              cstackCOMRAM 000015
__RegsToCANID@type             cstackCOMRAM 000019
__RegsToCANID@val              cstackCOMRAM 000017
__S0                           (abs)        30000E
__S1                           (abs)        000290
__S2                           (abs)        000000
___inthi_sp                    stack        000000
___intlo_sp                    stack        000000
___sp                          stack        000000
__accesstop                    (abs)        000060
__activetblptr                 (abs)        000000
__end_of_CANRxFifoInit         text28       002224
__end_of_CANTxFifoInit         text27       0021E2
__end_of_ConfigureGPIO         text26       002150
__end_of_ConfigureInterrupts   text25       0021A0
__end_of_ConfigureOscillator   text24       00234E
__end_of_ConfigureSPI          text23       002332
__end_of_ConfigureTimers       text22       00231E
__end_of_ConfigureUSART1       text21       0022C2
__end_of_ConfigureUSART2       text20       00229E
__end_of_ECANFiltersInit       text19       001710
__end_of_ECANInitialize        text17       001AF4
__end_of_ECANReceiveMessage    text34       001876
__end_of_ECANSendMessage       text15       001268
__end_of_ECANSetOperationMode  text18       002304
__end_of_GetCANRxFifo          text14       001A2E
__end_of_GetCANTxFifo          text13       001952
__end_of_GetUSART1RxFifo       text12       001E1C
__end_of_GetUSART2RxFifo       text11       001D92
__end_of_IMUAutotest           text7        001C74
__end_of_IMUInitRegisters      text5        00142A
__end_of_IMURead               text8        001F98
__end_of_IMUUpdateData         text4        0007F2
__end_of_IMUWrite              text6        00200C
__end_of_PutCANRxFifo          text33       001F1C
__end_of_PutCANTxFifo          text3        001D08
__end_of_PutUSART1RxFifo       text31       0020F4
__end_of_PutUSART2RxFifo       text30       002080
__end_of_SPIRead               text10       00227A
__end_of_SPIWrite              text9        0022E4
__end_of_USART1Write           text2        002340
__end_of_USARTFifoInit         text1        001E9E
__end_of__CANIDToRegs          text16       001090
__end_of__RegsToCANID          text35       00159E
__end_of__initialization       cinit        002250
__end_of_high_isr              intcode_body 001BBA
__end_of_low_isr               intcodelo    0000E6
__end_of_main                  text0        000EB0
__initialization               cinit        002224
__mediumconst                  mediumconst  000000
__pbssBANK0                    bssBANK0     0000A8
__pbssBANK1                    bssBANK1     000100
__pbssBANK2                    bssBANK2     000200
__pbssCOMRAM                   bssCOMRAM    00003B
__pcinit                       cinit        002224
__pcstackBANK0                 cstackBANK0  000060
__pcstackBANK1                 cstackBANK1  000190
__pcstackCOMRAM                cstackCOMRAM 000001
__pintcode                     intcode      000008
__pintcode_body                intcode_body 001AF4
__pintcodelo                   intcodelo    000018
__ptext0                       text0        0007F2
__ptext1                       text1        001E1C
__ptext10                      text10       002256
__ptext11                      text11       001D08
__ptext12                      text12       001D92
__ptext13                      text13       001876
__ptext14                      text14       001952
__ptext15                      text15       001090
__ptext16                      text16       000EB0
__ptext17                      text17       001A2E
__ptext18                      text18       0022E4
__ptext19                      text19       00159E
__ptext2                       text2        002332
__ptext20                      text20       00227A
__ptext21                      text21       00229E
__ptext22                      text22       002304
__ptext23                      text23       00231E
__ptext24                      text24       002340
__ptext25                      text25       002150
__ptext26                      text26       0020F4
__ptext27                      text27       0021A0
__ptext28                      text28       0021E2
__ptext3                       text3        001C74
__ptext30                      text30       00200C
__ptext31                      text31       002080
__ptext33                      text33       001E9E
__ptext34                      text34       001710
__ptext35                      text35       00142A
__ptext4                       text4        0000EA
__ptext5                       text5        001268
__ptext6                       text6        001F98
__ptext7                       text7        001BBA
__ptext8                       text8        001F1C
__ptext9                       text9        0022C2
__ramtop                       ramtop       000F00
__size_of_CANRxFifoInit        (abs)        000000
__size_of_CANTxFifoInit        (abs)        000000
__size_of_ConfigureGPIO        (abs)        000000
__size_of_ConfigureInterrupts  (abs)        000000
__size_of_ConfigureOscillator  (abs)        000000
__size_of_ConfigureSPI         (abs)        000000
__size_of_ConfigureTimers      (abs)        000000
__size_of_ConfigureUSART1      (abs)        000000
__size_of_ConfigureUSART2      (abs)        000000
__size_of_ECANFiltersInit      (abs)        000000
__size_of_ECANInitialize       (abs)        000000
__size_of_ECANReceiveMessage   (abs)        000000
__size_of_ECANSendMessage      (abs)        000000
__size_of_ECANSetOperationMode (abs)        000000
__size_of_GetCANRxFifo         (abs)        000000
__size_of_GetCANTxFifo         (abs)        000000
__size_of_GetUSART1RxFifo      (abs)        000000
__size_of_GetUSART2RxFifo      (abs)        000000
__size_of_IMUAutotest          (abs)        000000
__size_of_IMUInitRegisters     (abs)        000000
__size_of_IMURead              (abs)        000000
__size_of_IMUUpdateData        (abs)        000000
__size_of_IMUWrite             (abs)        000000
__size_of_PutCANRxFifo         (abs)        000000
__size_of_PutCANTxFifo         (abs)        000000
__size_of_PutUSART1RxFifo      (abs)        000000
__size_of_PutUSART2RxFifo      (abs)        000000
__size_of_SPIRead              (abs)        000000
__size_of_SPIWrite             (abs)        000000
__size_of_USART1Write          (abs)        000000
__size_of_USARTFifoInit        (abs)        000000
__size_of__CANIDToRegs         (abs)        000000
__size_of__RegsToCANID         (abs)        000000
__size_of_high_isr             (abs)        000000
__size_of_low_isr              (abs)        000000
__size_of_main                 (abs)        000000
__smallconst                   smallconst   000000
_high_isr                      intcode      000008
_low_isr                       intcodelo    000018
_main                          text0        0007F2
ecanpoll@RXBODBEN              (abs)        007B02
end_of_initialization          cinit        002250
high_isr@CANRxNewMessage       cstackBANK0  000060
int_func                       intcode_body 001AF4
intlevel0                      text         000000
intlevel1                      text         000000
intlevel2                      text         000000
intlevel3                      text         000000
low_isr@temp                   cstackCOMRAM 000014
main@CurrentIMUData            cstackBANK1  0001A2
main@IMUAutotestResult         cstackBANK1  000190
main@TempCANRxMsg              cstackBANK1  000194
main@TempCANTxMsg              cstackBANK1  0001B7
main@TempVar                   cstackBANK1  000191
main@i                         cstackBANK1  000192
main@i_888                     cstackBANK1  000193
stackhi                        (abs)        0009FF
stacklo                        (abs)        000290
start                          init         0000E6
start_initialization           cinit        002224


FUNCTION INFORMATION:

 *************** function _main *****************
 Defined at:
		line 47 in file "main.c"
 Parameters:    Size  Location     Type
		None
 Auto vars:     Size  Location     Type
  i               1    3[BANK1 ] unsigned char 
  i               1    2[BANK1 ] unsigned char 
  CurrentIMUDa   21   18[BANK1 ] struct IMUData
  TempCANTxMsg   14   39[BANK1 ] struct CANTxMsg
  TempCANRxMsg   14    4[BANK1 ] struct CANRxMsg
  TempVar         1    1[BANK1 ] unsigned char 
  IMUAutotestR    1    0[BANK1 ] unsigned char 
 Return value:  Size  Location     Type
		None               void
 Registers used:
		wreg, fsr0l, fsr0h, fsr1l, fsr1h, fsr2l, fsr2h, status,2, status,0, prodl, prodh, cstack
 Tracked objects:
		On entry : 
		On exit  : 
		Unchanged: 
 Data sizes:     COMRAM   BANK0   BANK1   BANK2   BANK3   BANK4   BANK5   BANK6   BANK7   BANK8   BANK9  BANK10  BANK11  BANK12  BANK13  BANK14
      Params:         0       0       0       0       0       0       0       0       0       0       0       0       0       0       0       0
      Locals:         0       0      53       0       0       0       0       0       0       0       0       0       0       0       0       0
      Temps:          0       3       0       0       0       0       0       0       0       0       0       0       0       0       0       0
      Totals:         0       3      53       0       0       0       0       0       0       0       0       0       0       0       0       0
Total ram usage:       56 bytes
 Hardware stack levels required when called:    8
 This function calls:
		_CANRxFifoInit
		_CANTxFifoInit
		_ConfigureGPIO
		_ConfigureInterrupts
		_ConfigureOscillator
		_ConfigureSPI
		_ConfigureTimers
		_ConfigureUSART1
		_ConfigureUSART2
		_ECANFiltersInit
		_ECANInitialize
		_ECANSendMessage
		_GetCANRxFifo
		_GetCANTxFifo
		_GetUSART1RxFifo
		_GetUSART2RxFifo
		_IMUAutotest
		_IMUInitRegisters
		_IMUUpdateData
		_PutCANTxFifo
		_USART1Write
		_USARTFifoInit
 This function is called by:
		Startup code after reset
 This function uses a non-reentrant model


 *************** function _USARTFifoInit *****************
 Defined at:
		line 277 in file "system.c"
 Parameters:    Size  Location     Type
		None
 Auto vars:     Size  Location     Type
		None
 Return value:  Size  Location     Type
		None               void
 Registers used:
		status,2
 Tracked objects:
		On entry : 
		On exit  : 
		Unchanged: 
 Data sizes:     COMRAM   BANK0   BANK1   BANK2   BANK3   BANK4   BANK5   BANK6   BANK7   BANK8   BANK9  BANK10  BANK11  BANK12  BANK13  BANK14
      Params:         0       0       0       0       0       0       0       0       0       0       0       0       0       0       0       0
      Locals:         0       0       0       0       0       0       0       0       0       0       0       0       0       0       0       0
      Temps:          0       1       0       0       0       0       0       0       0       0       0       0       0       0       0       0
      Totals:         0       1       0       0       0       0       0       0       0       0       0       0       0       0       0       0
Total ram usage:        1 bytes
 Hardware stack levels used:    1
 Hardware stack levels required when called:    5
 This function calls:
		Nothing
 This function is called by:
		_main
 This function uses a non-reentrant model


 *************** function _USART1Write *****************
 Defined at:
		line 223 in file "system.c"
 Parameters:    Size  Location     Type
  data            1    wreg     unsigned char 
 Auto vars:     Size  Location     Type
  data            1   14[BANK0 ] unsigned char 
 Return value:  Size  Location     Type
		None               void
 Registers used:
		wreg
 Tracked objects:
		On entry : 
		On exit  : 
		Unchanged: 
 Data sizes:     COMRAM   BANK0   BANK1   BANK2   BANK3   BANK4   BANK5   BANK6   BANK7   BANK8   BANK9  BANK10  BANK11  BANK12  BANK13  BANK14
      Params:         0       0       0       0       0       0       0       0       0       0       0       0       0       0       0       0
      Locals:         0       1       0       0       0       0       0       0       0       0       0       0       0       0       0       0
      Temps:          0       0       0       0       0       0       0       0       0       0       0       0       0       0       0       0
      Totals:         0       1       0       0       0       0       0       0       0       0       0       0       0       0       0       0
Total ram usage:        1 bytes
 Hardware stack levels used:    1
 Hardware stack levels required when called:    5
 This function calls:
		Nothing
 This function is called by:
		_main
 This function uses a non-reentrant model


 *************** function _PutCANTxFifo *****************
 Defined at:
		line 43 in file "Can_HL.c"
 Parameters:    Size  Location     Type
  PutMessage     14   14[BANK0 ] struct CANTxMsg
 Auto vars:     Size  Location     Type
		None
 Return value:  Size  Location     Type
		None               void
 Registers used:
		wreg, fsr1l, fsr1h, fsr2l, fsr2h, status,2, status,0, prodl, prodh
 Tracked objects:
		On entry : 
		On exit  : 
		Unchanged: 
 Data sizes:     COMRAM   BANK0   BANK1   BANK2   BANK3   BANK4   BANK5   BANK6   BANK7   BANK8   BANK9  BANK10  BANK11  BANK12  BANK13  BANK14
      Params:         0      14       0       0       0       0       0       0       0       0       0       0       0       0       0       0
      Locals:         0       0       0       0       0       0       0       0       0       0       0       0       0       0       0       0
      Temps:          0       2       0       0       0       0       0       0       0       0       0       0       0       0       0       0
      Totals:         0      16       0       0       0       0       0       0       0       0       0       0       0       0       0       0
Total ram usage:       16 bytes
 Hardware stack levels used:    1
 Hardware stack levels required when called:    5
 This function calls:
		Nothing
 This function is called by:
		_main
 This function uses a non-reentrant model


 *************** function _IMUUpdateData *****************
 Defined at:
		line 104 in file "IMUModule.c"
 Parameters:    Size  Location     Type
		None
 Auto vars:     Size  Location     Type
  temp_data      21   48[BANK0 ] struct IMUData
  Temp_Var2       2   46[BANK0 ] unsigned int 
  Temp_Var1       2   44[BANK0 ] unsigned int 
 Return value:  Size  Location     Type
                  21   21[BANK0 ] struct IMUData
 Registers used:
		wreg, fsr0l, fsr0h, fsr2l, fsr2h, status,2, status,0, cstack
 Tracked objects:
		On entry : 
		On exit  : 
		Unchanged: 
 Data sizes:     COMRAM   BANK0   BANK1   BANK2   BANK3   BANK4   BANK5   BANK6   BANK7   BANK8   BANK9  BANK10  BANK11  BANK12  BANK13  BANK14
      Params:         0      21       0       0       0       0       0       0       0       0       0       0       0       0       0       0
      Locals:         0      25       0       0       0       0       0       0       0       0       0       0       0       0       0       0
      Temps:          0       2       0       0       0       0       0       0       0       0       0       0       0       0       0       0
      Totals:         0      48       0       0       0       0       0       0       0       0       0       0       0       0       0       0
Total ram usage:       48 bytes
 Hardware stack levels used:    1
 Hardware stack levels required when called:    7
 This function calls:
		_IMURead
 This function is called by:
		_main
 This function uses a non-reentrant model


 *************** function _IMUInitRegisters *****************
 Defined at:
		line 31 in file "IMUModule.c"
 Parameters:    Size  Location     Type
		None
 Auto vars:     Size  Location     Type
		None
 Return value:  Size  Location     Type
		None               void
 Registers used:
		wreg, status,2, status,0, cstack
 Tracked objects:
		On entry : 
		On exit  : 
		Unchanged: 
 Data sizes:     COMRAM   BANK0   BANK1   BANK2   BANK3   BANK4   BANK5   BANK6   BANK7   BANK8   BANK9  BANK10  BANK11  BANK12  BANK13  BANK14
      Params:         0       0       0       0       0       0       0       0       0       0       0       0       0       0       0       0
      Locals:         0       0       0       0       0       0       0       0       0       0       0       0       0       0       0       0
      Temps:          0       2       0       0       0       0       0       0       0       0       0       0       0       0       0       0
      Totals:         0       2       0       0       0       0       0       0       0       0       0       0       0       0       0       0
Total ram usage:        2 bytes
 Hardware stack levels used:    1
 Hardware stack levels required when called:    7
 This function calls:
		_IMUWrite
 This function is called by:
		_main
 This function uses a non-reentrant model


 *************** function _IMUWrite *****************
 Defined at:
		line 238 in file "IMUModule.c"
 Parameters:    Size  Location     Type
  adress          1    wreg     unsigned char 
  data            1   16[BANK0 ] unsigned char 
  Device          1   17[BANK0 ] unsigned char 
 Auto vars:     Size  Location     Type
  adress          1   20[BANK0 ] unsigned char 
  TempData        1   21[BANK0 ] unsigned char 
  Result          1   19[BANK0 ] unsigned char 
 Return value:  Size  Location     Type
		None               void
 Registers used:
		wreg, status,2, status,0, cstack
 Tracked objects:
		On entry : 
		On exit  : 
		Unchanged: 
 Data sizes:     COMRAM   BANK0   BANK1   BANK2   BANK3   BANK4   BANK5   BANK6   BANK7   BANK8   BANK9  BANK10  BANK11  BANK12  BANK13  BANK14
      Params:         0       2       0       0       0       0       0       0       0       0       0       0       0       0       0       0
      Locals:         0       3       0       0       0       0       0       0       0       0       0       0       0       0       0       0
      Temps:          0       1       0       0       0       0       0       0       0       0       0       0       0       0       0       0
      Totals:         0       6       0       0       0       0       0       0       0       0       0       0       0       0       0       0
Total ram usage:        6 bytes
 Hardware stack levels used:    1
 Hardware stack levels required when called:    6
 This function calls:
		_SPIWrite
 This function is called by:
		_IMUInitRegisters
 This function uses a non-reentrant model


 *************** function _IMUAutotest *****************
 Defined at:
		line 69 in file "IMUModule.c"
 Parameters:    Size  Location     Type
		None
 Auto vars:     Size  Location     Type
  Result          1   23[BANK0 ] unsigned char 
  TempVar         1   22[BANK0 ] unsigned char 
 Return value:  Size  Location     Type
                  1    wreg      unsigned char 
 Registers used:
		wreg, status,2, status,0, cstack
 Tracked objects:
		On entry : 
		On exit  : 
		Unchanged: 
 Data sizes:     COMRAM   BANK0   BANK1   BANK2   BANK3   BANK4   BANK5   BANK6   BANK7   BANK8   BANK9  BANK10  BANK11  BANK12  BANK13  BANK14
      Params:         0       0       0       0       0       0       0       0       0       0       0       0       0       0       0       0
      Locals:         0       2       0       0       0       0       0       0       0       0       0       0       0       0       0       0
      Temps:          0       1       0       0       0       0       0       0       0       0       0       0       0       0       0       0
      Totals:         0       3       0       0       0       0       0       0       0       0       0       0       0       0       0       0
Total ram usage:        3 bytes
 Hardware stack levels used:    1
 Hardware stack levels required when called:    7
 This function calls:
		_IMURead
 This function is called by:
		_main
 This function uses a non-reentrant model


 *************** function _IMURead *****************
 Defined at:
		line 197 in file "IMUModule.c"
 Parameters:    Size  Location     Type
  adress          1    wreg     unsigned char 
  Device          1   16[BANK0 ] unsigned char 
 Auto vars:     Size  Location     Type
  adress          1   18[BANK0 ] unsigned char 
  Result          1   20[BANK0 ] unsigned char 
  TempData        1   19[BANK0 ] unsigned char 
 Return value:  Size  Location     Type
                  1    wreg      unsigned char 
 Registers used:
		wreg, status,2, status,0, cstack
 Tracked objects:
		On entry : 
		On exit  : 
		Unchanged: 
 Data sizes:     COMRAM   BANK0   BANK1   BANK2   BANK3   BANK4   BANK5   BANK6   BANK7   BANK8   BANK9  BANK10  BANK11  BANK12  BANK13  BANK14
      Params:         0       1       0       0       0       0       0       0       0       0       0       0       0       0       0       0
      Locals:         0       3       0       0       0       0       0       0       0       0       0       0       0       0       0       0
      Temps:          0       1       0       0       0       0       0       0       0       0       0       0       0       0       0       0
      Totals:         0       5       0       0       0       0       0       0       0       0       0       0       0       0       0       0
Total ram usage:        5 bytes
 Hardware stack levels used:    1
 Hardware stack levels required when called:    6
 This function calls:
		_SPIRead
		_SPIWrite
 This function is called by:
		_IMUAutotest
		_IMUUpdateData
 This function uses a non-reentrant model


 *************** function _SPIWrite *****************
 Defined at:
		line 235 in file "system.c"
 Parameters:    Size  Location     Type
  data            1    wreg     unsigned char 
 Auto vars:     Size  Location     Type
  data            1   15[BANK0 ] unsigned char 
  TempVar         1   14[BANK0 ] unsigned char 
 Return value:  Size  Location     Type
                  1    wreg      char 
 Registers used:
		wreg
 Tracked objects:
		On entry : 
		On exit  : 
		Unchanged: 
 Data sizes:     COMRAM   BANK0   BANK1   BANK2   BANK3   BANK4   BANK5   BANK6   BANK7   BANK8   BANK9  BANK10  BANK11  BANK12  BANK13  BANK14
      Params:         0       0       0       0       0       0       0       0       0       0       0       0       0       0       0       0
      Locals:         0       2       0       0       0       0       0       0       0       0       0       0       0       0       0       0
      Temps:          0       0       0       0       0       0       0       0       0       0       0       0       0       0       0       0
      Totals:         0       2       0       0       0       0       0       0       0       0       0       0       0       0       0       0
Total ram usage:        2 bytes
 Hardware stack levels used:    1
 Hardware stack levels required when called:    5
 This function calls:
		Nothing
 This function is called by:
		_IMURead
		_IMUWrite
		_ISMReadConfig
		_ISMWriteConfig
		_ISMWriteData
 This function uses a non-reentrant model


 *************** function _SPIRead *****************
 Defined at:
		line 259 in file "system.c"
 Parameters:    Size  Location     Type
  DummyData       1    wreg     unsigned char 
 Auto vars:     Size  Location     Type
  DummyData       1   14[BANK0 ] unsigned char 
  TempVar         1   15[BANK0 ] unsigned char 
 Return value:  Size  Location     Type
                  1    wreg      unsigned char 
 Registers used:
		wreg, status,2
 Tracked objects:
		On entry : 
		On exit  : 
		Unchanged: 
 Data sizes:     COMRAM   BANK0   BANK1   BANK2   BANK3   BANK4   BANK5   BANK6   BANK7   BANK8   BANK9  BANK10  BANK11  BANK12  BANK13  BANK14
      Params:         0       0       0       0       0       0       0       0       0       0       0       0       0       0       0       0
      Locals:         0       2       0       0       0       0       0       0       0       0       0       0       0       0       0       0
      Temps:          0       0       0       0       0       0       0       0       0       0       0       0       0       0       0       0
      Totals:         0       2       0       0       0       0       0       0       0       0       0       0       0       0       0       0
Total ram usage:        2 bytes
 Hardware stack levels used:    1
 Hardware stack levels required when called:    5
 This function calls:
		Nothing
 This function is called by:
		_IMURead
		_ISMReadConfig
		_ISMReadData
 This function uses a non-reentrant model


 *************** function _GetUSART2RxFifo *****************
 Defined at:
		line 363 in file "system.c"
 Parameters:    Size  Location     Type
		None
 Auto vars:     Size  Location     Type
  CharToRead      1   15[BANK0 ] unsigned char 
 Return value:  Size  Location     Type
                  1    wreg      unsigned char 
 Registers used:
		wreg, fsr2l, fsr2h, status,2, status,0, prodl, prodh
 Tracked objects:
		On entry : 
		On exit  : 
		Unchanged: 
 Data sizes:     COMRAM   BANK0   BANK1   BANK2   BANK3   BANK4   BANK5   BANK6   BANK7   BANK8   BANK9  BANK10  BANK11  BANK12  BANK13  BANK14
      Params:         0       0       0       0       0       0       0       0       0       0       0       0       0       0       0       0
      Locals:         0       1       0       0       0       0       0       0       0       0       0       0       0       0       0       0
      Temps:          0       1       0       0       0       0       0       0       0       0       0       0       0       0       0       0
      Totals:         0       2       0       0       0       0       0       0       0       0       0       0       0       0       0       0
Total ram usage:        2 bytes
 Hardware stack levels used:    1
 Hardware stack levels required when called:    5
 This function calls:
		Nothing
 This function is called by:
		_main
 This function uses a non-reentrant model


 *************** function _GetUSART1RxFifo *****************
 Defined at:
		line 311 in file "system.c"
 Parameters:    Size  Location     Type
		None
 Auto vars:     Size  Location     Type
  CharToRead      1   15[BANK0 ] unsigned char 
 Return value:  Size  Location     Type
                  1    wreg      unsigned char 
 Registers used:
		wreg, fsr2l, fsr2h, status,2, status,0, prodl, prodh
 Tracked objects:
		On entry : 
		On exit  : 
		Unchanged: 
 Data sizes:     COMRAM   BANK0   BANK1   BANK2   BANK3   BANK4   BANK5   BANK6   BANK7   BANK8   BANK9  BANK10  BANK11  BANK12  BANK13  BANK14
      Params:         0       0       0       0       0       0       0       0       0       0       0       0       0       0       0       0
      Locals:         0       1       0       0       0       0       0       0       0       0       0       0       0       0       0       0
      Temps:          0       1       0       0       0       0       0       0       0       0       0       0       0       0       0       0
      Totals:         0       2       0       0       0       0       0       0       0       0       0       0       0       0       0       0
Total ram usage:        2 bytes
 Hardware stack levels used:    1
 Hardware stack levels required when called:    5
 This function calls:
		Nothing
 This function is called by:
		_main
 This function uses a non-reentrant model


 *************** function _GetCANTxFifo *****************
 Defined at:
		line 65 in file "Can_HL.c"
 Parameters:    Size  Location     Type
		None
 Auto vars:     Size  Location     Type
  LocalCANTXMs   14   30[BANK0 ] struct CANTxMsg
 Return value:  Size  Location     Type
                  14   14[BANK0 ] struct CANTxMsg
 Registers used:
		wreg, fsr0l, fsr0h, fsr1l, fsr1h, fsr2l, fsr2h, status,2, status,0, prodl, prodh
 Tracked objects:
		On entry : 
		On exit  : 
		Unchanged: 
 Data sizes:     COMRAM   BANK0   BANK1   BANK2   BANK3   BANK4   BANK5   BANK6   BANK7   BANK8   BANK9  BANK10  BANK11  BANK12  BANK13  BANK14
      Params:         0      14       0       0       0       0       0       0       0       0       0       0       0       0       0       0
      Locals:         0      14       0       0       0       0       0       0       0       0       0       0       0       0       0       0
      Temps:          0       2       0       0       0       0       0       0       0       0       0       0       0       0       0       0
      Totals:         0      30       0       0       0       0       0       0       0       0       0       0       0       0       0       0
Total ram usage:       30 bytes
 Hardware stack levels used:    1
 Hardware stack levels required when called:    5
 This function calls:
		Nothing
 This function is called by:
		_main
 This function uses a non-reentrant model


 *************** function _GetCANRxFifo *****************
 Defined at:
		line 113 in file "Can_HL.c"
 Parameters:    Size  Location     Type
		None
 Auto vars:     Size  Location     Type
  LocalCANRXMs   14   30[BANK0 ] struct CANRxMsg
 Return value:  Size  Location     Type
                  14   14[BANK0 ] struct CANRxMsg
 Registers used:
		wreg, fsr0l, fsr0h, fsr1l, fsr1h, fsr2l, fsr2h, status,2, status,0, prodl, prodh
 Tracked objects:
		On entry : 
		On exit  : 
		Unchanged: 
 Data sizes:     COMRAM   BANK0   BANK1   BANK2   BANK3   BANK4   BANK5   BANK6   BANK7   BANK8   BANK9  BANK10  BANK11  BANK12  BANK13  BANK14
      Params:         0      14       0       0       0       0       0       0       0       0       0       0       0       0       0       0
      Locals:         0      14       0       0       0       0       0       0       0       0       0       0       0       0       0       0
      Temps:          0       2       0       0       0       0       0       0       0       0       0       0       0       0       0       0
      Totals:         0      30       0       0       0       0       0       0       0       0       0       0       0       0       0       0
Total ram usage:       30 bytes
 Hardware stack levels used:    1
 Hardware stack levels required when called:    5
 This function calls:
		Nothing
 This function is called by:
		_main
 This function uses a non-reentrant model


 *************** function _ECANSendMessage *****************
 Defined at:
		line 610 in file "ECANPoll.c"
 Parameters:    Size  Location     Type
  id              4   25[BANK0 ] unsigned long 
  data            2   29[BANK0 ] PTR unsigned char 
		 -> main@TempCANTxMsg(14), 
  dataLen         1   31[BANK0 ] unsigned char 
  msgFlags        1   32[BANK0 ] enum E19280
 Auto vars:     Size  Location     Type
  pb             18   34[BANK0 ] PTR unsigned char [9]
		 -> TXB2CON(1), TXB1CON(1), TXB0CON(1), 
  ptr             2   57[BANK0 ] PTR unsigned char 
		 -> TXB2CON(1), TXB1CON(1), TXB0CON(1), 
  tempPtr         2   53[BANK0 ] PTR unsigned char 
		 -> TXB2CON(1), TXB1CON(1), TXB0CON(1), 
  i               1   56[BANK0 ] unsigned char 
  temp            1   55[BANK0 ] unsigned char 
  j               1   52[BANK0 ] unsigned char 
 Return value:  Size  Location     Type
                  1    wreg      enum E18559
 Registers used:
		wreg, fsr1l, fsr1h, fsr2l, fsr2h, status,2, status,0, prodl, prodh, cstack
 Tracked objects:
		On entry : 
		On exit  : 
		Unchanged: 
 Data sizes:     COMRAM   BANK0   BANK1   BANK2   BANK3   BANK4   BANK5   BANK6   BANK7   BANK8   BANK9  BANK10  BANK11  BANK12  BANK13  BANK14
      Params:         0       8       0       0       0       0       0       0       0       0       0       0       0       0       0       0
      Locals:         0      25       0       0       0       0       0       0       0       0       0       0       0       0       0       0
      Temps:          0       1       0       0       0       0       0       0       0       0       0       0       0       0       0       0
      Totals:         0      34       0       0       0       0       0       0       0       0       0       0       0       0       0       0
Total ram usage:       34 bytes
 Hardware stack levels used:    1
 Hardware stack levels required when called:    6
 This function calls:
		__CANIDToRegs
 This function is called by:
		_main
 This function uses a non-reentrant model


 *************** function __CANIDToRegs *****************
 Defined at:
		line 1097 in file "ECANPoll.c"
 Parameters:    Size  Location     Type
  ptr             2   14[BANK0 ] PTR unsigned char 
		 -> TXB2CON(1), TXB1CON(1), TXB0CON(1), 
  val             4   16[BANK0 ] unsigned long 
  type            1   20[BANK0 ] unsigned char 
 Auto vars:     Size  Location     Type
  Value           2   23[BANK0 ] PTR struct _CAN_MESSAGE_
		 -> _CANIDToRegs@val(4), 
 Return value:  Size  Location     Type
		None               void
 Registers used:
		wreg, fsr1l, fsr1h, fsr2l, fsr2h, status,2, status,0
 Tracked objects:
		On entry : 
		On exit  : 
		Unchanged: 
 Data sizes:     COMRAM   BANK0   BANK1   BANK2   BANK3   BANK4   BANK5   BANK6   BANK7   BANK8   BANK9  BANK10  BANK11  BANK12  BANK13  BANK14
      Params:         0       7       0       0       0       0       0       0       0       0       0       0       0       0       0       0
      Locals:         0       2       0       0       0       0       0       0       0       0       0       0       0       0       0       0
      Temps:          0       2       0       0       0       0       0       0       0       0       0       0       0       0       0       0
      Totals:         0      11       0       0       0       0       0       0       0       0       0       0       0       0       0       0
Total ram usage:       11 bytes
 Hardware stack levels used:    1
 Hardware stack levels required when called:    5
 This function calls:
		Nothing
 This function is called by:
		_ECANSendMessage
 This function uses a non-reentrant model


 *************** function _ECANInitialize *****************
 Defined at:
		line 164 in file "ECANPoll.c"
 Parameters:    Size  Location     Type
		None
 Auto vars:     Size  Location     Type
		None
 Return value:  Size  Location     Type
		None               void
 Registers used:
		wreg, status,2, status,0, cstack
 Tracked objects:
		On entry : 
		On exit  : 
		Unchanged: 
 Data sizes:     COMRAM   BANK0   BANK1   BANK2   BANK3   BANK4   BANK5   BANK6   BANK7   BANK8   BANK9  BANK10  BANK11  BANK12  BANK13  BANK14
      Params:         0       0       0       0       0       0       0       0       0       0       0       0       0       0       0       0
      Locals:         0       0       0       0       0       0       0       0       0       0       0       0       0       0       0       0
      Temps:          0       0       0       0       0       0       0       0       0       0       0       0       0       0       0       0
      Totals:         0       0       0       0       0       0       0       0       0       0       0       0       0       0       0       0
Total ram usage:        0 bytes
 Hardware stack levels used:    1
 Hardware stack levels required when called:    6
 This function calls:
		_ECANSetOperationMode
 This function is called by:
		_main
 This function uses a non-reentrant model


 *************** function _ECANSetOperationMode *****************
 Defined at:
		line 1012 in file "ECANPoll.c"
 Parameters:    Size  Location     Type
  mode            1    wreg     enum E19311
 Auto vars:     Size  Location     Type
  mode            1   14[BANK0 ] enum E19311
 Return value:  Size  Location     Type
		None               void
 Registers used:
		wreg, status,2, status,0
 Tracked objects:
		On entry : 
		On exit  : 
		Unchanged: 
 Data sizes:     COMRAM   BANK0   BANK1   BANK2   BANK3   BANK4   BANK5   BANK6   BANK7   BANK8   BANK9  BANK10  BANK11  BANK12  BANK13  BANK14
      Params:         0       0       0       0       0       0       0       0       0       0       0       0       0       0       0       0
      Locals:         0       1       0       0       0       0       0       0       0       0       0       0       0       0       0       0
      Temps:          0       0       0       0       0       0       0       0       0       0       0       0       0       0       0       0
      Totals:         0       1       0       0       0       0       0       0       0       0       0       0       0       0       0       0
Total ram usage:        1 bytes
 Hardware stack levels used:    1
 Hardware stack levels required when called:    5
 This function calls:
		Nothing
 This function is called by:
		_ECANInitialize
 This function uses a non-reentrant model


 *************** function _ECANFiltersInit *****************
 Defined at:
		line 143 in file "Can_HL.c"
 Parameters:    Size  Location     Type
		None
 Auto vars:     Size  Location     Type
  mask            2   16[BANK0 ] unsigned int 
 Return value:  Size  Location     Type
		None               void
 Registers used:
		wreg, status,2, status,0
 Tracked objects:
		On entry : 
		On exit  : 
		Unchanged: 
 Data sizes:     COMRAM   BANK0   BANK1   BANK2   BANK3   BANK4   BANK5   BANK6   BANK7   BANK8   BANK9  BANK10  BANK11  BANK12  BANK13  BANK14
      Params:         0       0       0       0       0       0       0       0       0       0       0       0       0       0       0       0
      Locals:         0       2       0       0       0       0       0       0       0       0       0       0       0       0       0       0
      Temps:          0       2       0       0       0       0       0       0       0       0       0       0       0       0       0       0
      Totals:         0       4       0       0       0       0       0       0       0       0       0       0       0       0       0       0
Total ram usage:        4 bytes
 Hardware stack levels used:    1
 Hardware stack levels required when called:    5
 This function calls:
		Nothing
 This function is called by:
		_main
 This function uses a non-reentrant model


 *************** function _ConfigureUSART2 *****************
 Defined at:
		line 116 in file "system.c"
 Parameters:    Size  Location     Type
		None
 Auto vars:     Size  Location     Type
		None
 Return value:  Size  Location     Type
		None               void
 Registers used:
		wreg, status,2
 Tracked objects:
		On entry : 
		On exit  : 
		Unchanged: 
 Data sizes:     COMRAM   BANK0   BANK1   BANK2   BANK3   BANK4   BANK5   BANK6   BANK7   BANK8   BANK9  BANK10  BANK11  BANK12  BANK13  BANK14
      Params:         0       0       0       0       0       0       0       0       0       0       0       0       0       0       0       0
      Locals:         0       0       0       0       0       0       0       0       0       0       0       0       0       0       0       0
      Temps:          0       0       0       0       0       0       0       0       0       0       0       0       0       0       0       0
      Totals:         0       0       0       0       0       0       0       0       0       0       0       0       0       0       0       0
Total ram usage:        0 bytes
 Hardware stack levels used:    1
 Hardware stack levels required when called:    5
 This function calls:
		Nothing
 This function is called by:
		_main
 This function uses a non-reentrant model


 *************** function _ConfigureUSART1 *****************
 Defined at:
		line 83 in file "system.c"
 Parameters:    Size  Location     Type
		None
 Auto vars:     Size  Location     Type
		None
 Return value:  Size  Location     Type
		None               void
 Registers used:
		wreg, status,2
 Tracked objects:
		On entry : 
		On exit  : 
		Unchanged: 
 Data sizes:     COMRAM   BANK0   BANK1   BANK2   BANK3   BANK4   BANK5   BANK6   BANK7   BANK8   BANK9  BANK10  BANK11  BANK12  BANK13  BANK14
      Params:         0       0       0       0       0       0       0       0       0       0       0       0       0       0       0       0
      Locals:         0       0       0       0       0       0       0       0       0       0       0       0       0       0       0       0
      Temps:          0       0       0       0       0       0       0       0       0       0       0       0       0       0       0       0
      Totals:         0       0       0       0       0       0       0       0       0       0       0       0       0       0       0       0
Total ram usage:        0 bytes
 Hardware stack levels used:    1
 Hardware stack levels required when called:    5
 This function calls:
		Nothing
 This function is called by:
		_main
 This function uses a non-reentrant model


 *************** function _ConfigureTimers *****************
 Defined at:
		line 209 in file "system.c"
 Parameters:    Size  Location     Type
		None
 Auto vars:     Size  Location     Type
		None
 Return value:  Size  Location     Type
		None               void
 Registers used:
		wreg, status,2
 Tracked objects:
		On entry : 
		On exit  : 
		Unchanged: 
 Data sizes:     COMRAM   BANK0   BANK1   BANK2   BANK3   BANK4   BANK5   BANK6   BANK7   BANK8   BANK9  BANK10  BANK11  BANK12  BANK13  BANK14
      Params:         0       0       0       0       0       0       0       0       0       0       0       0       0       0       0       0
      Locals:         0       0       0       0       0       0       0       0       0       0       0       0       0       0       0       0
      Temps:          0       0       0       0       0       0       0       0       0       0       0       0       0       0       0       0
      Totals:         0       0       0       0       0       0       0       0       0       0       0       0       0       0       0       0
Total ram usage:        0 bytes
 Hardware stack levels used:    1
 Hardware stack levels required when called:    5
 This function calls:
		Nothing
 This function is called by:
		_main
 This function uses a non-reentrant model


 *************** function _ConfigureSPI *****************
 Defined at:
		line 163 in file "system.c"
 Parameters:    Size  Location     Type
		None
 Auto vars:     Size  Location     Type
		None
 Return value:  Size  Location     Type
		None               void
 Registers used:
		wreg, status,2, status,0
 Tracked objects:
		On entry : 
		On exit  : 
		Unchanged: 
 Data sizes:     COMRAM   BANK0   BANK1   BANK2   BANK3   BANK4   BANK5   BANK6   BANK7   BANK8   BANK9  BANK10  BANK11  BANK12  BANK13  BANK14
      Params:         0       0       0       0       0       0       0       0       0       0       0       0       0       0       0       0
[...]
      Totals:         0       0       0       0       0       0       0       0       0       0       0       0       0       0       0       0
Total ram usage:        0 bytes
 Hardware stack levels used:    1
 Hardware stack levels required when called:    5
 This function calls:
		Nothing
 This function is called by:
		_main
 This function uses a non-reentrant model


 *************** function _ConfigureOscillator *****************
 Defined at:
		line 34 in file "system.c"
 Parameters:    Size  Location     Type
		None
 Auto vars:     Size  Location     Type
		None
 Return value:  Size  Location     Type
		None               void
 Registers used:
		wreg, status,2
 Tracked objects:
		On entry : 
		On exit  : 
		Unchanged: 
 Data sizes:     COMRAM   BANK0   BANK1   BANK2   BANK3   BANK4   BANK5   BANK6   BANK7   BANK8   BANK9  BANK10  BANK11  BANK12  BANK13  BANK14
      Params:         0       0       0       0       0       0       0       0       0       0       0       0       0       0       0       0
      Locals:         0       0       0       0       0       0       0       0       0       0       0       0       0       0       0       0
      Temps:          0       0       0       0       0       0       0       0       0       0       0       0       0       0       0       0
      Totals:         0       0       0       0       0       0       0       0       0       0       0       0       0       0       0       0
Total ram usage:        0 bytes
 Hardware stack levels used:    1
 Hardware stack levels required when called:    5
 This function calls:
		Nothing
 This function is called by:
		_main
 This function uses a non-reentrant model


 *************** function _ConfigureInterrupts *****************
 Defined at:
		line 177 in file "system.c"
 Parameters:    Size  Location     Type
		None
 Auto vars:     Size  Location     Type
		None
 Return value:  Size  Location     Type
		None               void
 Registers used:
		wreg, status,2
 Tracked objects:
		On entry : 
		On exit  : 
		Unchanged: 
 Data sizes:     COMRAM   BANK0   BANK1   BANK2   BANK3   BANK4   BANK5   BANK6   BANK7   BANK8   BANK9  BANK10  BANK11  BANK12  BANK13  BANK14
      Params:         0       0       0       0       0       0       0       0       0       0       0       0       0       0       0       0
      Locals:         0       0       0       0       0       0       0       0       0       0       0       0       0       0       0       0
      Temps:          0       0       0       0       0       0       0       0       0       0       0       0       0       0       0       0
      Totals:         0       0       0       0       0       0       0       0       0       0       0       0       0       0       0       0
Total ram usage:        0 bytes
 Hardware stack levels used:    1
 Hardware stack levels required when called:    5
 This function calls:
		Nothing
 This function is called by:
		_main
 This function uses a non-reentrant model


 *************** function _ConfigureGPIO *****************
 Defined at:
		line 45 in file "system.c"
 Parameters:    Size  Location     Type
		None
 Auto vars:     Size  Location     Type
		None
 Return value:  Size  Location     Type
		None               void
 Registers used:
		wreg, status,2
 Tracked objects:
		On entry : 
		On exit  : 
		Unchanged: 
 Data sizes:     COMRAM   BANK0   BANK1   BANK2   BANK3   BANK4   BANK5   BANK6   BANK7   BANK8   BANK9  BANK10  BANK11  BANK12  BANK13  BANK14
      Params:         0       0       0       0       0       0       0       0       0       0       0       0       0       0       0       0
      Locals:         0       0       0       0       0       0       0       0       0       0       0       0       0       0       0       0
      Temps:          0       0       0       0       0       0       0       0       0       0       0       0       0       0       0       0
      Totals:         0       0       0       0       0       0       0       0       0       0       0       0       0       0       0       0
Total ram usage:        0 bytes
 Hardware stack levels used:    1
 Hardware stack levels required when called:    5
 This function calls:
		Nothing
 This function is called by:
		_main
 This function uses a non-reentrant model


 *************** function _CANTxFifoInit *****************
 Defined at:
		line 27 in file "Can_HL.c"
 Parameters:    Size  Location     Type
		None
 Auto vars:     Size  Location     Type
		None
 Return value:  Size  Location     Type
		None               void
 Registers used:
		status,2
 Tracked objects:
		On entry : 
		On exit  : 
		Unchanged: 
 Data sizes:     COMRAM   BANK0   BANK1   BANK2   BANK3   BANK4   BANK5   BANK6   BANK7   BANK8   BANK9  BANK10  BANK11  BANK12  BANK13  BANK14
      Params:         0       0       0       0       0       0       0       0       0       0       0       0       0       0       0       0
      Locals:         0       0       0       0       0       0       0       0       0       0       0       0       0       0       0       0
      Temps:          0       1       0       0       0       0       0       0       0       0       0       0       0       0       0       0
      Totals:         0       1       0       0       0       0       0       0       0       0       0       0       0       0       0       0
Total ram usage:        1 bytes
 Hardware stack levels used:    1
 Hardware stack levels required when called:    5
 This function calls:
		Nothing
 This function is called by:
		_main
 This function uses a non-reentrant model


 *************** function _CANRxFifoInit *****************
 Defined at:
		line 35 in file "Can_HL.c"
 Parameters:    Size  Location     Type
		None
 Auto vars:     Size  Location     Type
		None
 Return value:  Size  Location     Type
		None               void
 Registers used:
		status,2
 Tracked objects:
		On entry : 
		On exit  : 
		Unchanged: 
 Data sizes:     COMRAM   BANK0   BANK1   BANK2   BANK3   BANK4   BANK5   BANK6   BANK7   BANK8   BANK9  BANK10  BANK11  BANK12  BANK13  BANK14
      Params:         0       0       0       0       0       0       0       0       0       0       0       0       0       0       0       0
      Locals:         0       0       0       0       0       0       0       0       0       0       0       0       0       0       0       0
      Temps:          0       1       0       0       0       0       0       0       0       0       0       0       0       0       0       0
      Totals:         0       1       0       0       0       0       0       0       0       0       0       0       0       0       0       0
Total ram usage:        1 bytes
 Hardware stack levels used:    1
 Hardware stack levels required when called:    5
 This function calls:
		Nothing
 This function is called by:
		_main
 This function uses a non-reentrant model


 *************** function _low_isr *****************
 Defined at:
		line 70 in file "interrupts.c"
 Parameters:    Size  Location     Type
		None
 Auto vars:     Size  Location     Type
  temp            1   19[COMRAM] unsigned char 
 Return value:  Size  Location     Type
		None               void
 Registers used:
		wreg, fsr2l, fsr2h, status,2, status,0, prodl, prodh, cstack
 Tracked objects:
		On entry : 
		On exit  : 
		Unchanged: 
 Data sizes:     COMRAM   BANK0   BANK1   BANK2   BANK3   BANK4   BANK5   BANK6   BANK7   BANK8   BANK9  BANK10  BANK11  BANK12  BANK13  BANK14
      Params:         0       0       0       0       0       0       0       0       0       0       0       0       0       0       0       0
      Locals:         1       0       0       0       0       0       0       0       0       0       0       0       0       0       0       0
      Temps:         17       0       0       0       0       0       0       0       0       0       0       0       0       0       0       0
      Totals:        18       0       0       0       0       0       0       0       0       0       0       0       0       0       0       0
Total ram usage:       18 bytes
 Hardware stack levels used:    1
 Hardware stack levels required when called:    4
 This function calls:
		_PutUSART1RxFifo
		_PutUSART2RxFifo
 This function is called by:
		Interrupt level 1
 This function uses a non-reentrant model


 *************** function _PutUSART2RxFifo *****************
 Defined at:
		line 341 in file "system.c"
 Parameters:    Size  Location     Type
  ByteToWrite     1    wreg     unsigned char 
 Auto vars:     Size  Location     Type
  ByteToWrite     1    1[COMRAM] unsigned char 
 Return value:  Size  Location     Type
		None               void
 Registers used:
		wreg, fsr2l, fsr2h, status,2, status,0, prodl, prodh
 Tracked objects:
		On entry : 
		On exit  : 
		Unchanged: 
 Data sizes:     COMRAM   BANK0   BANK1   BANK2   BANK3   BANK4   BANK5   BANK6   BANK7   BANK8   BANK9  BANK10  BANK11  BANK12  BANK13  BANK14
      Params:         0       0       0       0       0       0       0       0       0       0       0       0       0       0       0       0
      Locals:         1       0       0       0       0       0       0       0       0       0       0       0       0       0       0       0
      Temps:          1       0       0       0       0       0       0       0       0       0       0       0       0       0       0       0
      Totals:         2       0       0       0       0       0       0       0       0       0       0       0       0       0       0       0
Total ram usage:        2 bytes
 Hardware stack levels used:    1
 Hardware stack levels required when called:    3
 This function calls:
		Nothing
 This function is called by:
		_low_isr
 This function uses a non-reentrant model


 *************** function _PutUSART1RxFifo *****************
 Defined at:
		line 291 in file "system.c"
 Parameters:    Size  Location     Type
  ByteToWrite     1    wreg     unsigned char 
 Auto vars:     Size  Location     Type
  ByteToWrite     1    1[COMRAM] unsigned char 
 Return value:  Size  Location     Type
		None               void
 Registers used:
		wreg, fsr2l, fsr2h, status,2, status,0, prodl, prodh
 Tracked objects:
		On entry : 
		On exit  : 
		Unchanged: 
 Data sizes:     COMRAM   BANK0   BANK1   BANK2   BANK3   BANK4   BANK5   BANK6   BANK7   BANK8   BANK9  BANK10  BANK11  BANK12  BANK13  BANK14
      Params:         0       0       0       0       0       0       0       0       0       0       0       0       0       0       0       0
      Locals:         1       0       0       0       0       0       0       0       0       0       0       0       0       0       0       0
      Temps:          1       0       0       0       0       0       0       0       0       0       0       0       0       0       0       0
      Totals:         2       0       0       0       0       0       0       0       0       0       0       0       0       0       0       0
Total ram usage:        2 bytes
 Hardware stack levels used:    1
 Hardware stack levels required when called:    3
 This function calls:
		Nothing
 This function is called by:
		_low_isr
 This function uses a non-reentrant model


 *************** function _high_isr *****************
 Defined at:
		line 35 in file "interrupts.c"
 Parameters:    Size  Location     Type
		None
 Auto vars:     Size  Location     Type
  CANRxNewMess   14    0[BANK0 ] struct CANRxMsg
 Return value:  Size  Location     Type
		None               void
 Registers used:
		wreg, fsr0l, fsr0h, fsr1l, fsr1h, fsr1l, fsr1h, fsr2l, fsr2h, status,2, status,0, pclat, btemp, btemp+1, btemp+2, btemp+3, btemp+4, btemp+5, btemp+6, btemp+7, btemp+8, btemp+9, btemp+10, btemp+11, tosl, structret, tblptrl, tblptrh, tblptru, prodl, prodh, bsr, cstack
 Tracked objects:
		On entry : 
		On exit  : 
		Unchanged: 
 Data sizes:     COMRAM   BANK0   BANK1   BANK2   BANK3   BANK4   BANK5   BANK6   BANK7   BANK8   BANK9  BANK10  BANK11  BANK12  BANK13  BANK14
      Params:         0       0       0       0       0       0       0       0       0       0       0       0       0       0       0       0
      Locals:         0      14       0       0       0       0       0       0       0       0       0       0       0       0       0       0
      Temps:         14       0       0       0       0       0       0       0       0       0       0       0       0       0       0       0
      Totals:        14      14       0       0       0       0       0       0       0       0       0       0       0       0       0       0
Total ram usage:       28 bytes
 Hardware stack levels used:    1
 Hardware stack levels required when called:    2
 This function calls:
		_ECANReceiveMessage
		_PutCANRxFifo
 This function is called by:
		Interrupt level 2
 This function uses a non-reentrant model


 *************** function _PutCANRxFifo *****************
 Defined at:
		line 95 in file "Can_HL.c"
 Parameters:    Size  Location     Type
  PutMessage     14   20[COMRAM] struct CANRxMsg
 Auto vars:     Size  Location     Type
		None
 Return value:  Size  Location     Type
		None               void
 Registers used:
		wreg, fsr1l, fsr1h, fsr2l, fsr2h, status,2, status,0, prodl, prodh
 Tracked objects:
		On entry : 
		On exit  : 
		Unchanged: 
 Data sizes:     COMRAM   BANK0   BANK1   BANK2   BANK3   BANK4   BANK5   BANK6   BANK7   BANK8   BANK9  BANK10  BANK11  BANK12  BANK13  BANK14
      Params:        14       0       0       0       0       0       0       0       0       0       0       0       0       0       0       0
      Locals:         0       0       0       0       0       0       0       0       0       0       0       0       0       0       0       0
      Temps:          2       0       0       0       0       0       0       0       0       0       0       0       0       0       0       0
      Totals:        16       0       0       0       0       0       0       0       0       0       0       0       0       0       0       0
Total ram usage:       16 bytes
 Hardware stack levels used:    1
 This function calls:
		Nothing
 This function is called by:
		_high_isr
 This function uses a non-reentrant model


 *************** function _ECANReceiveMessage *****************
 Defined at:
		line 796 in file "ECANPoll.c"
 Parameters:    Size  Location     Type
  id              2   29[COMRAM] PTR unsigned long 
		 -> high_isr@CANRxNewMessage(14), 
  data            2   31[COMRAM] PTR unsigned char 
		 -> high_isr@CANRxNewMessage(14), 
  dataLen         2   33[COMRAM] PTR unsigned char 
		 -> high_isr@CANRxNewMessage(14), 
  msgFlags        2   35[COMRAM] PTR enum E19298
		 -> high_isr@CANRxNewMessage(14), 
 Auto vars:     Size  Location     Type
  ptr             2   41[COMRAM] PTR unsigned char 
		 -> RXB1CON(1), RXB0CON(1), 
  savedPtr        2   38[COMRAM] PTR unsigned char 
		 -> RXB1CON(1), RXB0CON(1), 
  temp            1   43[COMRAM] struct .
  i               1   40[COMRAM] unsigned char 
 Return value:  Size  Location     Type
                  1    wreg      enum E18559
 Registers used:
		wreg, fsr1l, fsr1h, fsr2l, fsr2h, status,2, status,0, cstack
 Tracked objects:
		On entry : 
		On exit  : 
		Unchanged: 
 Data sizes:     COMRAM   BANK0   BANK1   BANK2   BANK3   BANK4   BANK5   BANK6   BANK7   BANK8   BANK9  BANK10  BANK11  BANK12  BANK13  BANK14
      Params:         8       0       0       0       0       0       0       0       0       0       0       0       0       0       0       0
      Locals:         6       0       0       0       0       0       0       0       0       0       0       0       0       0       0       0
      Temps:          1       0       0       0       0       0       0       0       0       0       0       0       0       0       0       0
      Totals:        15       0       0       0       0       0       0       0       0       0       0       0       0       0       0       0
Total ram usage:       15 bytes
 Hardware stack levels used:    1
 Hardware stack levels required when called:    1
 This function calls:
		__RegsToCANID
 This function is called by:
		_high_isr
 This function uses a non-reentrant model


 *************** function __RegsToCANID *****************
 Defined at:
		line 1154 in file "ECANPoll.c"
 Parameters:    Size  Location     Type
  ptr             2   20[COMRAM] PTR unsigned char 
		 -> RXB1CON(1), RXB0CON(1), 
  val             2   22[COMRAM] PTR unsigned long 
		 -> high_isr@CANRxNewMessage(14), 
  type            1   24[COMRAM] unsigned char 
 Auto vars:     Size  Location     Type
  Value           2   27[COMRAM] PTR struct _CAN_MESSAGE_
		 -> high_isr@CANRxNewMessage(14), 
 Return value:  Size  Location     Type
		None               void
 Registers used:
		wreg, fsr1l, fsr1h, fsr2l, fsr2h, status,2, status,0
 Tracked objects:
		On entry : 
		On exit  : 
		Unchanged: 
 Data sizes:     COMRAM   BANK0   BANK1   BANK2   BANK3   BANK4   BANK5   BANK6   BANK7   BANK8   BANK9  BANK10  BANK11  BANK12  BANK13  BANK14
      Params:         5       0       0       0       0       0       0       0       0       0       0       0       0       0       0       0
      Locals:         2       0       0       0       0       0       0       0       0       0       0       0       0       0       0       0
      Temps:          2       0       0       0       0       0       0       0       0       0       0       0       0       0       0       0
      Totals:         9       0       0       0       0       0       0       0       0       0       0       0       0       0       0       0
Total ram usage:        9 bytes
 Hardware stack levels used:    1
 This function calls:
		Nothing
 This function is called by:
		_ECANReceiveMessage
 This function uses a non-reentrant model



MODULE INFORMATION

Module		Function		Class		Link	Load	Size
Can_HL.c
		_PutCANTxFifo  		CODE           	1C74	0000	148
		_GetCANRxFifo  		CODE           	1952	0000	220
		_GetCANTxFifo  		CODE           	1876	0000	220
		_PutCANRxFifo  		CODE           	1E9E	0000	126
		_CANRxFifoInit 		CODE           	21E2	0000	66
		_ECANFiltersIni		CODE           	159E	0000	370
		_CANTxFifoInit 		CODE           	21A0	0000	66

Can_HL.c estimated size: 1216

shared
		__initializatio		CODE           	2224	0000	44

shared estimated size: 44

main.c
		_main          		CODE           	07F2	0000	1726

main.c estimated size: 1726

system.c
		_ConfigureUSART		CODE           	229E	0000	36
		_ConfigureUSART		CODE           	227A	0000	36
		_ConfigureTimer		CODE           	2304	0000	26
		_ConfigureOscil		CODE           	2340	0000	14
		_PutUSART1RxFif		CODE           	2080	0000	116
		_PutUSART2RxFif		CODE           	200C	0000	116
		_SPIRead       		CODE           	2256	0000	36
		_USARTFifoInit 		CODE           	1E1C	0000	130
		_ConfigureInter		CODE           	2150	0000	80
		_ConfigureSPI  		CODE           	231E	0000	20
		_ConfigureGPIO 		CODE           	20F4	0000	92
		_USART1Write   		CODE           	2332	0000	14
		_SPIWrite      		CODE           	22C2	0000	34
		_GetUSART1RxFif		CODE           	1D92	0000	138
		_GetUSART2RxFif		CODE           	1D08	0000	138

system.c estimated size: 1026

interrupts.c
		_high_isr      		CODE           	0008	0000	7090
		_low_isr       		CODE           	0018	0000	206

interrupts.c estimated size: 7296

IMUModule.c
		_IMUWrite      		CODE           	1F98	0000	116
		_IMUAutotest   		CODE           	1BBA	0000	186
		_IMUInitRegiste		CODE           	1268	0000	450
		_IMURead       		CODE           	1F1C	0000	124
		_IMUUpdateData 		CODE           	00EA	0000	1800

IMUModule.c estimated size: 2676

ECANPoll.c
		_ECANReceiveMes		CODE           	1710	0000	358
		__RegsToCANID  		CODE           	142A	0000	372
		_ECANInitialize		CODE           	1A2E	0000	198
		__CANIDToRegs  		CODE           	0EB0	0000	480
		_ECANSetOperati		CODE           	22E4	0000	32
		_ECANSendMessag		CODE           	1090	0000	472

ECANPoll.c estimated size: 1912

